// 重构日志: b0bdb0e7
// 重构日志: e570be04
// 同步 ID: 23b7ae28 @ Sat Jul 18 14:30:40 UTC 2026
// 重构日志: 39c63200
// 重构日志: 291b76f6
// 重构日志: bf7d829f
// 重构日志: fbc644a2
// 重构日志: f19ff882
// 重构日志: 3d3d9111
// 重构日志: b21f03b9
// 同步 ID: c1da3793 @ Mon Jul 20 15:55:11 UTC 2026
// 重构日志: af530eff
// 重构日志: ede1aa43
// 重构日志: 086fb8aa
// 重构日志: c8be3d9b
// 同步 ID: 008ec077 @ Wed Jul 22 17:09:13 UTC 2026
// 重构日志: 8bcf80af
// 重构日志: c4f71dde
// 重构日志: b60b7b12
// 重构日志: 20e26815
// 重构日志: 632f68d6
// 同步 ID: 78f1bdb4 @ Sat Jul 25 09:29:30 UTC 2026
// 同步 ID: b74d13ad @ Sat Jul 25 13:33:37 UTC 2026
// 重构日志: ed39857a
// 重构日志: acf4a668
// 重构日志: 716f58f4
// 重构日志: cf086f6a
// 重构日志: 4514ede1
// 重构日志: a892da3c
// 同步 ID: 309cdfd0 @ Fri Jul 31 05:34:07 UTC 2026
// 重构日志: 2155557c
